// Jest Snapshot v1, https://goo.gl/fbAQLP

exports[`App snapshot 1`] = `
<div
  className="game"
>
  <div
    className="card  "
    onClick={[Function]}
  >
    <div
      className="card-front"
    >
      <span
        aria-label="front-card-icon"
        role="img"
      >
        😃
      </span>
    </div>
    <div
      className="card-back"
    >
      <span
        aria-label="back-card-icon"
        role="img"
      >
        ❓
      </span>
    </div>
  </div>
  <div
    className="card  "
    onClick={[Function]}
  >
    <div
      className="card-front"
    >
      <span
        aria-label="front-card-icon"
        role="img"
      >
        😃
      </span>
    </div>
    <div
      className="card-back"
    >
      <span
        aria-label="back-card-icon"
        role="img"
      >
        ❓
      </span>
    </div>
  </div>
  <div
    className="card  "
    onClick={[Function]}
  >
    <div
      className="card-front"
    >
      <span
        aria-label="front-card-icon"
        role="img"
      >
        💩
      </span>
    </div>
    <div
      className="card-back"
    >
      <span
        aria-label="back-card-icon"
        role="img"
      >
        ❓
      </span>
    </div>
  </div>
  <div
    className="card  "
    onClick={[Function]}
  >
    <div
      className="card-front"
    >
      <span
        aria-label="front-card-icon"
        role="img"
      >
        💩
      </span>
    </div>
    <div
      className="card-back"
    >
      <span
        aria-label="back-card-icon"
        role="img"
      >
        ❓
      </span>
    </div>
  </div>
  <div
    className="card  "
    onClick={[Function]}
  >
    <div
      className="card-front"
    >
      <span
        aria-label="front-card-icon"
        role="img"
      >
        🤡
      </span>
    </div>
    <div
      className="card-back"
    >
      <span
        aria-label="back-card-icon"
        role="img"
      >
        ❓
      </span>
    </div>
  </div>
  <div
    className="card  "
    onClick={[Function]}
  >
    <div
      className="card-front"
    >
      <span
        aria-label="front-card-icon"
        role="img"
      >
        🤡
      </span>
    </div>
    <div
      className="card-back"
    >
      <span
        aria-label="back-card-icon"
        role="img"
      >
        ❓
      </span>
    </div>
  </div>
  <div
    className="card  "
    onClick={[Function]}
  >
    <div
      className="card-front"
    >
      <span
        aria-label="front-card-icon"
        role="img"
      >
        🐵
      </span>
    </div>
    <div
      className="card-back"
    >
      <span
        aria-label="back-card-icon"
        role="img"
      >
        ❓
      </span>
    </div>
  </div>
  <div
    className="card  "
    onClick={[Function]}
  >
    <div
      className="card-front"
    >
      <span
        aria-label="front-card-icon"
        role="img"
      >
        🐵
      </span>
    </div>
    <div
      className="card-back"
    >
      <span
        aria-label="back-card-icon"
        role="img"
      >
        ❓
      </span>
    </div>
  </div>
  <div
    className="card  "
    onClick={[Function]}
  >
    <div
      className="card-front"
    >
      <span
        aria-label="front-card-icon"
        role="img"
      >
        🏀
      </span>
    </div>
    <div
      className="card-back"
    >
      <span
        aria-label="back-card-icon"
        role="img"
      >
        ❓
      </span>
    </div>
  </div>
  <div
    className="card  "
    onClick={[Function]}
  >
    <div
      className="card-front"
    >
      <span
        aria-label="front-card-icon"
        role="img"
      >
        🏀
      </span>
    </div>
    <div
      className="card-back"
    >
      <span
        aria-label="back-card-icon"
        role="img"
      >
        ❓
      </span>
    </div>
  </div>
  <div
    className="card  "
    onClick={[Function]}
  >
    <div
      className="card-front"
    >
      <span
        aria-label="front-card-icon"
        role="img"
      >
        🌴
      </span>
    </div>
    <div
      className="card-back"
    >
      <span
        aria-label="back-card-icon"
        role="img"
      >
        ❓
      </span>
    </div>
  </div>
  <div
    className="card  "
    onClick={[Function]}
  >
    <div
      className="card-front"
    >
      <span
        aria-label="front-card-icon"
        role="img"
      >
        🌴
      </span>
    </div>
    <div
      className="card-back"
    >
      <span
        aria-label="back-card-icon"
        role="img"
      >
        ❓
      </span>
    </div>
  </div>
  <div
    className="card  "
    onClick={[Function]}
  >
    <div
      className="card-front"
    >
      <span
        aria-label="front-card-icon"
        role="img"
      >
        👍
      </span>
    </div>
    <div
      className="card-back"
    >
      <span
        aria-label="back-card-icon"
        role="img"
      >
        ❓
      </span>
    </div>
  </div>
  <div
    className="card  "
    onClick={[Function]}
  >
    <div
      className="card-front"
    >
      <span
        aria-label="front-card-icon"
        role="img"
      >
        👍
      </span>
    </div>
    <div
      className="card-back"
    >
      <span
        aria-label="back-card-icon"
        role="img"
      >
        ❓
      </span>
    </div>
  </div>
  <div
    className="card  "
    onClick={[Function]}
  >
    <div
      className="card-front"
    >
      <span
        aria-label="front-card-icon"
        role="img"
      >
        👻
      </span>
    </div>
    <div
      className="card-back"
    >
      <span
        aria-label="back-card-icon"
        role="img"
      >
        ❓
      </span>
    </div>
  </div>
  <div
    className="card  "
    onClick={[Function]}
  >
    <div
      className="card-front"
    >
      <span
        aria-label="front-card-icon"
        role="img"
      >
        👻
      </span>
    </div>
    <div
      className="card-back"
    >
      <span
        aria-label="back-card-icon"
        role="img"
      >
        ❓
      </span>
    </div>
  </div>
  <div
    className="card  "
    onClick={[Function]}
  >
    <div
      className="card-front"
    >
      <span
        aria-label="front-card-icon"
        role="img"
      >
        🔥
      </span>
    </div>
    <div
      className="card-back"
    >
      <span
        aria-label="back-card-icon"
        role="img"
      >
        ❓
      </span>
    </div>
  </div>
  <div
    className="card  "
    onClick={[Function]}
  >
    <div
      className="card-front"
    >
      <span
        aria-label="front-card-icon"
        role="img"
      >
        🔥
      </span>
    </div>
    <div
      className="card-back"
    >
      <span
        aria-label="back-card-icon"
        role="img"
      >
        ❓
      </span>
    </div>
  </div>
  <div
    className="card  "
    onClick={[Function]}
  >
    <div
      className="card-front"
    >
      <span
        aria-label="front-card-icon"
        role="img"
      >
        🍕
      </span>
    </div>
    <div
      className="card-back"
    >
      <span
        aria-label="back-card-icon"
        role="img"
      >
        ❓
      </span>
    </div>
  </div>
  <div
    className="card  "
    onClick={[Function]}
  >
    <div
      className="card-front"
    >
      <span
        aria-label="front-card-icon"
        role="img"
      >
        🍕
      </span>
    </div>
    <div
      className="card-back"
    >
      <span
        aria-label="back-card-icon"
        role="img"
      >
        ❓
      </span>
    </div>
  </div>
  <div
    className="card  "
    onClick={[Function]}
  >
    <div
      className="card-front"
    >
      <span
        aria-label="front-card-icon"
        role="img"
      >
        🏠
      </span>
    </div>
    <div
      className="card-back"
    >
      <span
        aria-label="back-card-icon"
        role="img"
      >
        ❓
      </span>
    </div>
  </div>
  <div
    className="card  "
    onClick={[Function]}
  >
    <div
      className="card-front"
    >
      <span
        aria-label="front-card-icon"
        role="img"
      >
        🏠
      </span>
    </div>
    <div
      className="card-back"
    >
      <span
        aria-label="back-card-icon"
        role="img"
      >
        ❓
      </span>
    </div>
  </div>
  <div
    className="card  "
    onClick={[Function]}
  >
    <div
      className="card-front"
    >
      <span
        aria-label="front-card-icon"
        role="img"
      >
        🐢
      </span>
    </div>
    <div
      className="card-back"
    >
      <span
        aria-label="back-card-icon"
        role="img"
      >
        ❓
      </span>
    </div>
  </div>
  <div
    className="card  "
    onClick={[Function]}
  >
    <div
      className="card-front"
    >
      <span
        aria-label="front-card-icon"
        role="img"
      >
        🐢
      </span>
    </div>
    <div
      className="card-back"
    >
      <span
        aria-label="back-card-icon"
        role="img"
      >
        ❓
      </span>
    </div>
  </div>
</div>
`;
